// Vitest Snapshot v1, https://vitest.dev/guide/snapshot.html

exports[`mount component 1`] = `
"ID: someID Data: {
  "key": "someKey"
}"
`;
